Microchip MPLAB XC8 Compiler V2.32

Linker command line:

-W-3 --edf=/opt/microchip/xc8/v2.32/pic/dat/en_msgs.txt -cn \
  -h+dist/default/production/AscensorProgramGit.X.production.sym \
  --cmf=dist/default/production/AscensorProgramGit.X.production.cmf -z \
  -Q18F452 -o/tmp/xcXMoNjmE --defsym=__MPLAB_BUILD=1 \
  -Mdist/default/production/AscensorProgramGit.X.production.map -E1 \
  -ver=XC8 Compiler --acfsm=1493 -ASTACK=080h-0FFh -pstack=STACK \
  -ACODE=00h-03FFFhx2 -ACONST=00h-07FFFh -ASMALLCONST=0600h-06FFhx122 \
  -AMEDIUMCONST=0600h-07FFFh -ACOMRAM=01h-07Fh -AABS1=00h-05FFh \
  -ABIGRAM=01h-05FFh -ARAM=080h-0FFh,0100h-01FFhx5 -ABANK0=080h-0FFh \
  -ABANK1=0100h-01FFh -ABANK2=0200h-02FFh -ABANK3=0300h-03FFh \
  -ABANK4=0400h-04FFh -ABANK5=0500h-05FFh -ASFR=0F80h-0FFFh \
  -ACONFIG=0300000h-030000Dh -AIDLOC=0200000h-0200007h \
  -AEEDATA=0F00000h-0F000FFh -peeprom_data=EEDATA \
  -preset_vec=00h,intcode=08h,intcodelo,powerup,init -pramtop=0600h \
  -psmallconst=SMALLCONST -pmediumconst=MEDIUMCONST -pconst=CONST \
  -AFARRAM=00h-00h \
  -prdata=COMRAM,nvrram=COMRAM,nvbit=COMRAM,rbss=COMRAM,rbit=COMRAM \
  -pfarbss=FARRAM,fardata=FARRAM,nvFARRAM=FARRAM \
  -pintsave_regs=BIGRAM,bigbss=BIGRAM,bigdata=BIGRAM -pbss=RAM \
  -pidata=CODE,irdata=CODE,ibigdata=CODE,ifardata=CODE -prparam=COMRAM \
  /tmp/xcXbjIfOK.o \
  dist/default/production/AscensorProgramGit.X.production.o 

Object code version is 3.11

Machine type is 18F452



                Name                               Link     Load   Length Selector   Space Scale
/tmp/xcXbjIfOK.o
                idloc                            200000   200000        8        0       5
                config                           300000   300000        E        0       4
                text                               1686     1686        2        4       0
                init                                2F2      2F2        4        4       0
                reset_vec                             0        0        6        0       0
dist/default/production/AscensorProgramGit.X.production.o
                intcode                               8        8      2EA        4       0
                idloc                            200000   200000        8        0       5
                config                           300000   300000        E        0       4
                temp                                 61       61        1        1       1
                text14                             115C     115C      15C        4       0
                text13                              B4A      B4A      232        4       0
                text11                             1576     1576       6E        4       0
                text10                             15E4     15E4       4A        4       0
                text9                              167A     167A        C        4       0
                text8                              166C     166C        E        4       0
                text7                              12B8     12B8      15A        4       0
                text6                               918      918      232        4       0
                text5                               D7C      D7C      228        4       0
                text4                               2F6      2F6      336        4       0
                text3                               FA4      FA4      1B8        4       0
                text2                              1502     1502       74        4       0
                text1                               62C      62C      2EC        4       0
                text0                              1412     1412       F0        4       0
                cstackCOMRAM                          1        1       4A        1       1
                cstackBANK1                         100      100       D6      100       1
                cstackBANK2                         200      200       D6      200       1
                bssBANK5                            500      500       C8      500       1
                bssBANK4                            400      400       C8      400       1
                bssBANK3                            300      300       C8      300       1
                bssCOMRAM                            4B       4B       16        1       1
                cinit                              162E     162E       3E        4       0

TOTAL           Name                               Link     Load   Length     Space
        CLASS   STACK          

        CLASS   CODE           
                intcode                               8        8      2EA         0
                text                               1686     1686        2         0
                init                                2F2      2F2        4         0
                reset_vec                             0        0        6         0
                text14                             115C     115C      15C         0
                text13                              B4A      B4A      232         0
                text11                             1576     1576       6E         0
                text10                             15E4     15E4       4A         0
                text9                              167A     167A        C         0
                text8                              166C     166C        E         0
                text7                              12B8     12B8      15A         0
                text6                               918      918      232         0
                text5                               D7C      D7C      228         0
                text4                               2F6      2F6      336         0
                text3                               FA4      FA4      1B8         0
                text2                              1502     1502       74         0
                text1                               62C      62C      2EC         0
                text0                              1412     1412       F0         0
                cinit                              162E     162E       3E         0

        CLASS   CONST          

        CLASS   SMALLCONST     

        CLASS   MEDIUMCONST    

        CLASS   COMRAM         
                temp                                 61       61        1         1
                cstackCOMRAM                          1        1       4A         1
                bssCOMRAM                            4B       4B       16         1

        CLASS   ABS1           

        CLASS   BIGRAM         

        CLASS   RAM            

        CLASS   BANK0          

        CLASS   BANK1          
                cstackBANK1                         100      100       D6         1

        CLASS   BANK2          
                cstackBANK2                         200      200       D6         1

        CLASS   BANK3          
                bssBANK3                            300      300       C8         1

        CLASS   BANK4          
                bssBANK4                            400      400       C8         1

        CLASS   BANK5          
                bssBANK5                            500      500       C8         1

        CLASS   SFR            

        CLASS   CONFIG         
                config                           300000   300000        E         4

        CLASS   IDLOC          
                idloc                            200000   200000        8         5

        CLASS   EEDATA         

        CLASS   FARRAM         



SEGMENTS        Name                           Load    Length   Top    Selector   Space  Class

                bssBANK3                       000300  0000C8  0003C8       300       1  BANK3   
                cstackBANK1                    000100  0000D6  0001D6       100       1  BANK1   
                cstackBANK2                    000200  0000D6  0002D6       200       1  BANK2   
                reset_vec                      000000  000006  000006         0       0  CODE    
                bssBANK4                       000400  0000C8  0004C8       400       1  BANK4   
                bssBANK5                       000500  0000C8  0005C8       500       1  BANK5   
                cstackCOMRAM                   000001  000061  000062         1       1  COMRAM  
                intcode                        000008  001680  001688         4       0  CODE    


UNUSED ADDRESS RANGES

        Name                Unused          Largest block    Delta
        BANK0            000080-0000FF               80
        BANK1            0001D6-0001FF               2A
        BANK2            0002D6-0002FF               2A
        BANK3            0003C8-0003FF               38
        BANK4            0004C8-0004FF               38
        BANK5            0005C8-0005FF               38
        BIGRAM           000062-0000FF               9E
                         0001D6-0001FF               2A
                         0002D6-0002FF               2A
                         0003C8-0003FF               38
                         0004C8-0004FF               38
                         0005C8-0005FF               38
        CODE             000006-000007                2
                         001688-007FFF             2978
        COMRAM           000062-00007F               1E
        CONST            000006-000007                2
                         001688-007FFF             6978
        EEDATA           F00000-F000FF              100
        MEDIUMCONST      001688-007FFF             6978
        RAM              000080-0000FF               80
                         0001D6-0001FF               2A
                         0002D6-0002FF               2A
                         0003C8-0003FF               38
                         0004C8-0004FF               38
                         0005C8-0005FF               38
        SFR              000F80-000FFF               80
        SMALLCONST       001688-007FFF              100
        STACK            000080-0000FF               80

                                  Symbol Table

?_noRepeat                                                               cstackCOMRAM 00001F
?_rutine_down                                                            cstackCOMRAM 00001F
?_rutine_up                                                              cstackCOMRAM 00003D
?i2_noRepeat                                                             cstackCOMRAM 000001
ISR@si                                                                   cstackCOMRAM 000019
ISR@si_533                                                               cstackCOMRAM 00001B
ISR@si_534                                                               cstackCOMRAM 00001D
_ADCON1                                                                  (abs)        000FC1
_INTCONbits                                                              (abs)        000FF2
_ISR                                                                     intcode      000008
_LATCbits                                                                (abs)        000F8B
_LATDbits                                                                (abs)        000F8C
_PORTAbits                                                               (abs)        000F80
_PORTB                                                                   (abs)        000F81
_PORTBbits                                                               (abs)        000F81
_PORTD                                                                   (abs)        000F83
_PORTDbits                                                               (abs)        000F83
_RCONbits                                                                (abs)        000FD0
_TRISA                                                                   (abs)        000F92
_TRISB                                                                   (abs)        000F93
_TRISC                                                                   (abs)        000F94
_TRISD                                                                   (abs)        000F95
__HRAM                                                                   (abs)        000000
__Habs1                                                                  abs1         000000
__Hbank0                                                                 bank0        000000
__Hbank1                                                                 bank1        000000
__Hbank2                                                                 bank2        000000
__Hbank3                                                                 bank3        000000
__Hbank4                                                                 bank4        000000
__Hbank5                                                                 bank5        000000
__Hbigbss                                                                bigbss       000000
__Hbigdata                                                               bigdata      000000
__Hbigram                                                                bigram       000000
__Hbss                                                                   bss          000000
__HbssBANK3                                                              bssBANK3     000000
__HbssBANK4                                                              bssBANK4     000000
__HbssBANK5                                                              bssBANK5     000000
__HbssCOMRAM                                                             bssCOMRAM    000000
__Hcinit                                                                 cinit        000000
__Hclrtext                                                               clrtext      000000
__Hcomram                                                                comram       000000
__Hconfig                                                                config       30000E
__Hconst                                                                 const        000000
__HcstackBANK1                                                           cstackBANK1  000000
__HcstackBANK2                                                           cstackBANK2  000000
__HcstackCOMRAM                                                          cstackCOMRAM 000000
__Hdata                                                                  data         000000
__Heeprom_data                                                           eeprom_data  000000
__Hfarbss                                                                farbss       000000
__Hfardata                                                               fardata      000000
__Hibigdata                                                              ibigdata     000000
__Hidata                                                                 idata        000000
__Hidloc                                                                 idloc        200008
__Hifardata                                                              ifardata     000000
__Hinit                                                                  init         0002F6
__Hintcode                                                               intcode      0002F2
__Hintcode_body                                                          intcode_body 000000
__Hintcodelo                                                             intcodelo    0002F2
__Hintentry                                                              intentry     000000
__Hintret                                                                intret       000000
__Hintsave_regs                                                          intsave_regs 000000
__Hirdata                                                                irdata       000000
__Hmediumconst                                                           mediumconst  000000
__HnvFARRAM                                                              nvFARRAM     000000
__Hnvbit                                                                 nvbit        000000
__Hnvrram                                                                nvrram       000000
__Hparam                                                                 rparam       000000
__Hpowerup                                                               powerup      0002F2
__Hram                                                                   ram          000000
__Hramtop                                                                ramtop       000600
__Hrbit                                                                  rbit         000000
__Hrbss                                                                  rbss         000000
__Hrdata                                                                 rdata        000000
__Hreset_vec                                                             reset_vec    000006
__Hrparam                                                                rparam       000000
__Hsfr                                                                   sfr          000000
__Hsmallconst                                                            smallconst   000000
__Hspace_0                                                               (abs)        001688
__Hspace_1                                                               (abs)        0005C8
__Hspace_2                                                               (abs)        000000
__Hspace_4                                                               (abs)        60000E
__Hstack                                                                 stack        000000
__Hstruct                                                                struct       000000
__Htemp                                                                  temp         000062
__Htext                                                                  text         000000
__Htext0                                                                 text0        000000
__Htext1                                                                 text1        000000
__Htext10                                                                text10       000000
__Htext11                                                                text11       000000
__Htext13                                                                text13       000000
__Htext14                                                                text14       000000
__Htext2                                                                 text2        000000
__Htext3                                                                 text3        000000
__Htext4                                                                 text4        000000
__Htext5                                                                 text5        000000
__Htext6                                                                 text6        000000
__Htext7                                                                 text7        000000
__Htext8                                                                 text8        000000
__Htext9                                                                 text9        000000
__LRAM                                                                   (abs)        000001
__Labs1                                                                  abs1         000000
__Lbank0                                                                 bank0        000000
__Lbank1                                                                 bank1        000000
__Lbank2                                                                 bank2        000000
__Lbank3                                                                 bank3        000000
__Lbank4                                                                 bank4        000000
__Lbank5                                                                 bank5        000000
__Lbigbss                                                                bigbss       000000
__Lbigdata                                                               bigdata      000000
__Lbigram                                                                bigram       000000
__Lbss                                                                   bss          000000
__LbssBANK3                                                              bssBANK3     000000
__LbssBANK4                                                              bssBANK4     000000
__LbssBANK5                                                              bssBANK5     000000
__LbssCOMRAM                                                             bssCOMRAM    000000
__Lcinit                                                                 cinit        000000
__Lclrtext                                                               clrtext      000000
__Lcomram                                                                comram       000000
__Lconfig                                                                config       000000
__Lconst                                                                 const        000000
__LcstackBANK1                                                           cstackBANK1  000000
__LcstackBANK2                                                           cstackBANK2  000000
__LcstackCOMRAM                                                          cstackCOMRAM 000000
__Ldata                                                                  data         000000
__Leeprom_data                                                           eeprom_data  000000
__Lfarbss                                                                farbss       000000
__Lfardata                                                               fardata      000000
__Libigdata                                                              ibigdata     000000
__Lidata                                                                 idata        000000
__Lidloc                                                                 idloc        000000
__Lifardata                                                              ifardata     000000
__Linit                                                                  init         0002F2
__Lintcode                                                               intcode      000008
__Lintcode_body                                                          intcode_body 000000
__Lintcodelo                                                             intcodelo    0002F2
__Lintentry                                                              intentry     000000
__Lintret                                                                intret       000000
__Lintsave_regs                                                          intsave_regs 000000
__Lirdata                                                                irdata       000000
__Lmediumconst                                                           mediumconst  000000
__LnvFARRAM                                                              nvFARRAM     000000
__Lnvbit                                                                 nvbit        000000
__Lnvrram                                                                nvrram       000000
__Lparam                                                                 rparam       000000
__Lpowerup                                                               powerup      0002F2
__Lram                                                                   ram          000000
__Lramtop                                                                ramtop       000600
__Lrbit                                                                  rbit         000000
__Lrbss                                                                  rbss         000000
__Lrdata                                                                 rdata        000000
__Lreset_vec                                                             reset_vec    000000
__Lrparam                                                                rparam       000000
__Lsfr                                                                   sfr          000000
__Lsmallconst                                                            smallconst   000000
__Lspace_0                                                               (abs)        000000
__Lspace_1                                                               (abs)        000000
__Lspace_2                                                               (abs)        000000
__Lspace_4                                                               (abs)        000000
__Lstack                                                                 stack        000000
__Lstruct                                                                struct       000000
__Ltemp                                                                  temp         000061
__Ltext                                                                  text         000000
__Ltext0                                                                 text0        000000
__Ltext1                                                                 text1        000000
__Ltext10                                                                text10       000000
__Ltext11                                                                text11       000000
__Ltext13                                                                text13       000000
__Ltext14                                                                text14       000000
__Ltext2                                                                 text2        000000
__Ltext3                                                                 text3        000000
__Ltext4                                                                 text4        000000
__Ltext5                                                                 text5        000000
__Ltext6                                                                 text6        000000
__Ltext7                                                                 text7        000000
__Ltext8                                                                 text8        000000
__Ltext9                                                                 text9        000000
__S0                                                                     (abs)        001688
__S1                                                                     (abs)        0005C8
__S2                                                                     (abs)        000000
__S4                                                                     (abs)        000000
__S5                                                                     (abs)        000000
___inthi_sp                                                              stack        000000
___intlo_sp                                                              stack        000000
___param_bank                                                            (abs)        000000
___rparam_used                                                           (abs)        000001
___sp                                                                    stack        000000
__accesstop                                                              (abs)        000080
__activetblptr                                                           (abs)        000002
__cntErrataNOP_/tmp/xcXbjIfOK.o                                          (abs)        000001
__cntErrataNOP_dist/default/production/AscensorProgramGit.X.production.o (abs)        0000FA
__end_of_ISR                                                             intcode      0002F2
__end_of__initialization                                                 cinit        00165E
__end_of_boot                                                            text11       0015E4
__end_of_bootAscensor                                                    text10       00162E
__end_of_controlCalls                                                    text4        00062C
__end_of_dataPanelUp                                                     text5        000FA4
__end_of_interruptsInit                                                  text9        001686
__end_of_main                                                            text0        001502
__end_of_modeControl                                                     text1        000918
__end_of_noRepeat                                                        text7        001412
__end_of_rutine_down                                                     text8        00167A
__end_of_rutine_up                                                       text3        00115C
__end_of_selectionMode                                                   text2        001576
__end_of_sort                                                            text6        000B4A
__end_ofi2_noRepeat                                                      text14       0012B6
__end_ofi2_sort                                                          text13       000D7C
__initialization                                                         cinit        00162E
__mediumconst                                                            mediumconst  000000
__pbssBANK3                                                              bssBANK3     000300
__pbssBANK4                                                              bssBANK4     000400
__pbssBANK5                                                              bssBANK5     000500
__pbssCOMRAM                                                             bssCOMRAM    00004B
__pcinit                                                                 cinit        00162E
__pcstackBANK1                                                           cstackBANK1  000100
__pcstackBANK2                                                           cstackBANK2  000200
__pcstackCOMRAM                                                          cstackCOMRAM 000001
__pintcode                                                               intcode      000008
__ptext0                                                                 text0        001412
__ptext1                                                                 text1        00062C
__ptext10                                                                text10       0015E4
__ptext11                                                                text11       001576
__ptext13                                                                text13       000B4A
__ptext14                                                                text14       00115C
__ptext2                                                                 text2        001502
__ptext3                                                                 text3        000FA4
__ptext4                                                                 text4        0002F6
__ptext5                                                                 text5        000D7C
__ptext6                                                                 text6        000918
__ptext7                                                                 text7        0012B8
__ptext8                                                                 text8        00166C
__ptext9                                                                 text9        00167A
__ramtop                                                                 ramtop       000600
__size_of_ISR                                                            (abs)        000000
__size_of_boot                                                           (abs)        000000
__size_of_bootAscensor                                                   (abs)        000000
__size_of_controlCalls                                                   (abs)        000000
__size_of_dataPanelUp                                                    (abs)        000000
__size_of_interruptsInit                                                 (abs)        000000
__size_of_main                                                           (abs)        000000
__size_of_modeControl                                                    (abs)        000000
__size_of_noRepeat                                                       (abs)        000000
__size_of_rutine_down                                                    (abs)        000000
__size_of_rutine_up                                                      (abs)        000000
__size_of_selectionMode                                                  (abs)        000000
__size_of_sort                                                           (abs)        000000
__size_ofi2_noRepeat                                                     (abs)        000000
__size_ofi2_sort                                                         (abs)        000000
__smallconst                                                             smallconst   000000
_boot                                                                    text11       001576
_bootAscensor                                                            text10       0015E4
_call_init                                                               bssCOMRAM    000057
_callsD                                                                  bssCOMRAM    000059
_callsInUp                                                               bssBANK5     000500
_callsU                                                                  bssCOMRAM    00005B
_controlCalls                                                            text4        0002F6
_dataPanelUp                                                             text5        000D7C
_from_down_change                                                        bssCOMRAM    00004B
_from_up_change                                                          bssCOMRAM    00004D
_interruptsInit                                                          text9        00167A
_main                                                                    text0        001412
_modeControl                                                             text1        00062C
_modeDown_F                                                              bssCOMRAM    00004F
_modeUp_F                                                                bssCOMRAM    000051
_noRepeat                                                                text7        0012B8
_nowFL                                                                   bssCOMRAM    000055
_prevFL                                                                  bssCOMRAM    000053
_queueDown                                                               bssBANK4     000400
_queueUp                                                                 bssBANK3     000300
_rutine_down                                                             text8        00166C
_rutine_up                                                               text3        000FA4
_selectionMode                                                           text2        001502
_sort                                                                    text6        000918
_tasksDown                                                               bssCOMRAM    00005F
_tasksUp                                                                 bssCOMRAM    00005D
btemp                                                                    temp         000061
controlCalls@i                                                           cstackCOMRAM 000035
controlCalls@i_495                                                       cstackCOMRAM 000037
controlCalls@i_496                                                       cstackCOMRAM 000039
controlCalls@i_497                                                       cstackCOMRAM 00003B
dataPanelUp@new_size                                                     cstackCOMRAM 000031
end_of_initialization                                                    cinit        00165E
i2_noRepeat                                                              text14       00115C
i2_sort                                                                  text13       000B4A
i2noRepeat@comp                                                          cstackCOMRAM 000011
i2noRepeat@po                                                            cstackCOMRAM 000001
i2noRepeat@shift                                                         cstackCOMRAM 00000B
i2noRepeat@sixes                                                         cstackCOMRAM 000003
i2noRepeat@size                                                          cstackCOMRAM 00000F
i2noRepeat@t                                                             cstackCOMRAM 000009
i2noRepeat@temp                                                          cstackCOMRAM 00000D
i2sort@h                                                                 cstackBANK1  0001D4
i2sort@j                                                                 cstackBANK1  0001D0
i2sort@k                                                                 cstackBANK1  0001CE
i2sort@nums                                                              cstackBANK1  0001CA
i2sort@p                                                                 cstackCOMRAM 000001
i2sort@pos                                                               cstackBANK1  0001C8
i2sort@result                                                            cstackBANK1  000100
i2sort@sizes                                                             cstackCOMRAM 000003
i2sort@sizesMod                                                          cstackBANK1  0001CC
i2sort@temp                                                              cstackBANK1  0001D2
int$flags                                                                temp         000061
intlevel0                                                                text         001686
intlevel1                                                                text         001686
intlevel2                                                                text         001686
intlevel3                                                                text         001686
isa$std                                                                  (abs)        000001
isa$xinst                                                                (abs)        000000
modeControl@select_mode                                                  cstackCOMRAM 000047
noRepeat@comp                                                            cstackCOMRAM 00002F
noRepeat@po                                                              cstackCOMRAM 00001F
noRepeat@shift                                                           cstackCOMRAM 000029
noRepeat@sixes                                                           cstackCOMRAM 000021
noRepeat@size                                                            cstackCOMRAM 00002D
noRepeat@t                                                               cstackCOMRAM 000027
noRepeat@temp                                                            cstackCOMRAM 00002B
rutine_up@i                                                              cstackCOMRAM 000041
rutine_up@re                                                             cstackCOMRAM 000043
selectionMode@mode_s                                                     cstackCOMRAM 000045
sort@h                                                                   cstackBANK2  0002D4
sort@j                                                                   cstackBANK2  0002D0
sort@k                                                                   cstackBANK2  0002CE
sort@nums                                                                cstackBANK2  0002CA
sort@p                                                                   cstackCOMRAM 00001F
sort@pos                                                                 cstackBANK2  0002C8
sort@result                                                              cstackBANK2  000200
sort@sizes                                                               cstackCOMRAM 000021
sort@sizesMod                                                            cstackBANK2  0002CC
sort@temp                                                                cstackBANK2  0002D2
stackhi                                                                  (abs)        0000FF
stacklo                                                                  (abs)        000080
start                                                                    init         0002F2
start_initialization                                                     cinit        00162E
ttemp5                                                                   temp         000062
ttemp6                                                                   temp         000065
ttemp7                                                                   temp         000069
wtemp8                                                                   temp         000062


MODULE INFORMATION

Module		Function		Class		Link	Load	Size
shared
		__initialization		CODE           	162E	0000	48
		i2_sort        		CODE           	0B4A	0000	562
		i2_noRepeat    		CODE           	115C	0000	346

shared estimated size: 956

main.c
		_modeControl   		CODE           	062C	0000	748
		_selectionMode 		CODE           	1502	0000	116
		_ISR           		CODE           	0008	0000	746
		_bootAscensor  		CODE           	15E4	0000	74
		_boot          		CODE           	1576	0000	110
		_main          		CODE           	1412	0000	240
		_controlCalls  		CODE           	02F6	0000	822
		_dataPanelUp   		CODE           	0D7C	0000	552
		_sort          		CODE           	0918	0000	562
		_noRepeat      		CODE           	12B8	0000	346
		_interruptsInit		CODE           	167A	0000	12
		_rutine_up     		CODE           	0FA4	0000	440
		_rutine_down   		CODE           	166C	0000	14

main.c estimated size: 4782

