Microchip MPLAB XC8 Compiler V2.32

Linker command line:

-W-3 --edf=/opt/microchip/xc8/v2.32/pic/dat/en_msgs.txt -cn \
  -h+dist/default/production/AscensorProgramGit.X.production.sym \
  --cmf=dist/default/production/AscensorProgramGit.X.production.cmf -z \
  -Q18F452 -o/tmp/xcXfajOKf --defsym=__MPLAB_BUILD=1 \
  -Mdist/default/production/AscensorProgramGit.X.production.map -E1 \
  -ver=XC8 Compiler --acfsm=1493 -ASTACK=02C8h-02FFh -pstack=STACK \
  -ACODE=00h-03FFFhx2 -ACONST=00h-07FFFh -ASMALLCONST=0600h-06FFhx122 \
  -AMEDIUMCONST=0600h-07FFFh -ACOMRAM=01h-07Fh -AABS1=00h-05FFh \
  -ABIGRAM=01h-05FFh -ARAM=080h-0FFh,0100h-01FFhx5 -ABANK0=080h-0FFh \
  -ABANK1=0100h-01FFh -ABANK2=0200h-02FFh -ABANK3=0300h-03FFh \
  -ABANK4=0400h-04FFh -ABANK5=0500h-05FFh -ASFR=0F80h-0FFFh \
  -ACONFIG=0300000h-030000Dh -AIDLOC=0200000h-0200007h \
  -AEEDATA=0F00000h-0F000FFh -peeprom_data=EEDATA \
  -preset_vec=00h,intcode,intcodelo,powerup,init -pramtop=0600h \
  -psmallconst=SMALLCONST -pmediumconst=MEDIUMCONST -pconst=CONST \
  -AFARRAM=00h-00h \
  -prdata=COMRAM,nvrram=COMRAM,nvbit=COMRAM,rbss=COMRAM,rbit=COMRAM \
  -pfarbss=FARRAM,fardata=FARRAM,nvFARRAM=FARRAM \
  -pintsave_regs=BIGRAM,bigbss=BIGRAM,bigdata=BIGRAM -pbss=RAM \
  -pidata=CODE,irdata=CODE,ibigdata=CODE,ifardata=CODE -prparam=COMRAM \
  /tmp/xcXEmJEOo.o \
  dist/default/production/AscensorProgramGit.X.production.o 

Object code version is 3.11

Machine type is 18F452



                Name                               Link     Load   Length Selector   Space Scale
/tmp/xcXEmJEOo.o
                idloc                            200000   200000        8        0       5
                config                           300000   300000        E        0       4
                text                                5C6      5C6        2      2E3       0
                init                                  2        2        4        0       0
                reset_vec                             0        0        2        0       0
dist/default/production/AscensorProgramGit.X.production.o
                idloc                            200000   200000        8        0       5
                config                           300000   300000        E        0       4
                mediumconst                        7E48     7E48      1B8     3F24       0
                text36                              5FC      5FC       1A      2FE       0
                text35                              6C0      6C0       34      360       0
                text34                              5D0      5D0        C      2E8       0
                text33                              5DC      5DC        C      2EE       0
                text32                              674      674       26      33A       0
                text31                              652      652       22      329       0
                text30                              69A      69A       26      34D       0
                text29                              616      616       1E      30B       0
                text28                              CBA      CBA       FA      65D       0
                text27                              900      900       74      480       0
                text26                              824      824       6C      412       0
                text25                              5E8      5E8       14      2F4       0
                text24                              9E8      9E8       7C      4F4       0
                text23                              634      634       1E      31A       0
                text22                              A64      A64       8E      532       0
                text21                              DB4      DB4      15A      6DA       0
                text20                             1808     1808      232      C04       0
                text19                             1A3A     1A3A      232      D1D       0
                text18                             25B4     25B4      400     12DA       0
                text17                             109E     109E      1B4      84F       0
                text16                              F0E      F0E      190      787       0
                text15                              736      736       4C      39B       0
                text14                              5CA      5CA        6      2E5       0
                text13                              AF2      AF2       E2      579       0
                text12                              782      782       50      3C1       0
                text11                              6F4      6F4       42      37A       0
                text10                              BD4      BD4       E6      5EA       0
                text9                              1F2E     1F2E      336      F97       0
                text8                              1416     1416      1DC      A0B       0
                text7                               890      890       70      448       0
                text6                               7D2      7D2       52      3E9       0
                text5                              32FA     32FA      D06     197D       0
                text4                              1C6C     1C6C      2C2      E36       0
                text3                              15F2     15F2      216      AF9       0
                text2                              1252     1252      1C4      929       0
                text1                              29B4     29B4      946     14DA       0
                text0                              2264     2264      350     1132       0
                cstackCOMRAM                          1        1       7A        1       1
                cstackBANK0                          BF       BF       24       80       1
                cstackBANK1                         100      100       D6      100       1
                bssBANK5                            500      500       C8      500       1
                bssBANK4                            400      400       C8      400       1
                bssBANK3                            300      300       C8      300       1
                bssBANK2                            200      200       C8      200       1
                bssBANK1                            1D6      1D6       24      100       1
                dataBANK0                            E3       E3        2       80       1
                bssBANK0                             80       80       3F       80       1
                bssCOMRAM                            7B       7B        5        1       1
                cinit                               974      974       74      4BA       0
                idataBANK0                          5C8      5C8        2      5C8       0

TOTAL           Name                               Link     Load   Length     Space
        CLASS   STACK          

        CLASS   CODE           
                text                                5C6      5C6        2         0
                init                                  2        2        4         0
                reset_vec                             0        0        2         0
                text36                              5FC      5FC       1A         0
                text35                              6C0      6C0       34         0
                text34                              5D0      5D0        C         0
                text33                              5DC      5DC        C         0
                text32                              674      674       26         0
                text31                              652      652       22         0
                text30                              69A      69A       26         0
                text29                              616      616       1E         0
                text28                              CBA      CBA       FA         0
                text27                              900      900       74         0
                text26                              824      824       6C         0
                text25                              5E8      5E8       14         0
                text24                              9E8      9E8       7C         0
                text23                              634      634       1E         0
                text22                              A64      A64       8E         0
                text21                              DB4      DB4      15A         0
                text20                             1808     1808      232         0
                text19                             1A3A     1A3A      232         0
                text18                             25B4     25B4      400         0
                text17                             109E     109E      1B4         0
                text16                              F0E      F0E      190         0
                text15                              736      736       4C         0
                text14                              5CA      5CA        6         0
                text13                              AF2      AF2       E2         0
                text12                              782      782       50         0
                text11                              6F4      6F4       42         0
                text10                              BD4      BD4       E6         0
                text9                              1F2E     1F2E      336         0
                text8                              1416     1416      1DC         0
                text7                               890      890       70         0
                text6                               7D2      7D2       52         0
                text5                              32FA     32FA      D06         0
                text4                              1C6C     1C6C      2C2         0
                text3                              15F2     15F2      216         0
                text2                              1252     1252      1C4         0
                text1                              29B4     29B4      946         0
                text0                              2264     2264      350         0
                cinit                               974      974       74         0
                idataBANK0                          5C8      5C8        2         0

        CLASS   CONST          

        CLASS   SMALLCONST     

        CLASS   MEDIUMCONST    
                mediumconst                        7E48     7E48      1B8         0

        CLASS   COMRAM         
                cstackCOMRAM                          1        1       7A         1
                bssCOMRAM                            7B       7B        5         1

        CLASS   ABS1           

        CLASS   BIGRAM         

        CLASS   RAM            

        CLASS   BANK0          
                cstackBANK0                          BF       BF       24         1
                dataBANK0                            E3       E3        2         1
                bssBANK0                             80       80       3F         1

        CLASS   BANK1          
                cstackBANK1                         100      100       D6         1
                bssBANK1                            1D6      1D6       24         1

        CLASS   BANK2          
                bssBANK2                            200      200       C8         1

        CLASS   BANK3          
                bssBANK3                            300      300       C8         1

        CLASS   BANK4          
                bssBANK4                            400      400       C8         1

        CLASS   BANK5          
                bssBANK5                            500      500       C8         1

        CLASS   SFR            

        CLASS   CONFIG         
                config                           300000   300000        E         4

        CLASS   IDLOC          
                idloc                            200000   200000        8         5

        CLASS   EEDATA         

        CLASS   FARRAM         



SEGMENTS        Name                           Load    Length   Top    Selector   Space  Class

                text22                         000A64  00008E  000AF2       532       0  CODE    
                text24                         0009E8  00007C  000A64       4F4       0  CODE    
                text10                         000BD4  0000E6  000CBA       5EA       0  CODE    
                text13                         000AF2  0000E2  000BD4       579       0  CODE    
                text7                          000890  000070  000900       448       0  CODE    
                text26                         000824  00006C  000890       412       0  CODE    
                cinit                          000974  000074  0009E8       4BA       0  CODE    
                text27                         000900  000074  000974       480       0  CODE    
                text28                         000CBA  0000FA  000DB4       65D       0  CODE    
                text3                          0015F2  000216  001808       AF9       0  CODE    
                text8                          001416  0001DC  0015F2       A0B       0  CODE    
                text19                         001A3A  000232  001C6C       D1D       0  CODE    
                text20                         001808  000232  001A3A       C04       0  CODE    
                text16                         000F0E  000190  00109E       787       0  CODE    
                text21                         000DB4  00015A  000F0E       6DA       0  CODE    
                text2                          001252  0001C4  001416       929       0  CODE    
                text17                         00109E  0001B4  001252       84F       0  CODE    
                text25                         0005E8  000014  0005FC       2F4       0  CODE    
                text33                         0005DC  00000C  0005E8       2EE       0  CODE    
                text29                         000616  00001E  000634       30B       0  CODE    
                text36                         0005FC  00001A  000616       2FE       0  CODE    
                idataBANK0                     0005C8  000002  0005CA       5C8       0  CODE    
                text                           0005C6  000002  0005C8       2E3       0  CODE    
                text34                         0005D0  00000C  0005DC       2E8       0  CODE    
                text14                         0005CA  000006  0005D0       2E5       0  CODE    
                text23                         000634  00001E  000652       31A       0  CODE    
                text15                         000736  00004C  000782       39B       0  CODE    
                text11                         0006F4  000042  000736       37A       0  CODE    
                text6                          0007D2  000052  000824       3E9       0  CODE    
                text12                         000782  000050  0007D2       3C1       0  CODE    
                text32                         000674  000026  00069A       33A       0  CODE    
                text31                         000652  000022  000674       329       0  CODE    
                text35                         0006C0  000034  0006F4       360       0  CODE    
                text30                         00069A  000026  0006C0       34D       0  CODE    
                text4                          001C6C  0002C2  001F2E       E36       0  CODE    
                cstackCOMRAM                   000001  00007F  000080         1       1  COMRAM  
                bssBANK0                       000080  000065  0000E5        80       1  BANK0   
                reset_vec                      000000  000006  000006         0       0  CODE    
                mediumconst                    007E48  0001B8  008000      3F24       0  MEDIUMCO
                text5                          0032FA  000D06  004000      197D       0  CODE    
                text1                          0029B4  000946  0032FA      14DA       0  CODE    
                text9                          001F2E  000336  002264       F97       0  CODE    
                text18                         0025B4  000400  0029B4      12DA       0  CODE    
                text0                          002264  000350  0025B4      1132       0  CODE    
                bssBANK3                       000300  0000C8  0003C8       300       1  BANK3   
                bssBANK4                       000400  0000C8  0004C8       400       1  BANK4   
                cstackBANK1                    000100  0000FA  0001FA       100       1  BANK1   
                bssBANK2                       000200  0000C8  0002C8       200       1  BANK2   
                bssBANK5                       000500  0000C8  0005C8       500       1  BANK5   


UNUSED ADDRESS RANGES

        Name                Unused          Largest block    Delta
        BANK0            0000E5-0000FF               1B
        BANK1            0001FA-0001FF                6
        BANK2            0002C8-0002FF               38
        BANK3            0003C8-0003FF               38
        BANK4            0004C8-0004FF               38
        BANK5            0005C8-0005FF               38
        BIGRAM           0000E5-0000FF               1B
                         0001FA-0001FF                6
                         0002C8-0002FF               38
                         0003C8-0003FF               38
                         0004C8-0004FF               38
                         0005C8-0005FF               38
        CODE             000006-0005C5              5C0
                         004000-007E47             3E48
        CONST            000006-0005C5              5C0
                         004000-007E47             3E48
        EEDATA           F00000-F000FF              100
        MEDIUMCONST      004000-007E47             3E48
        RAM              0000E5-0000FF               1B
                         0001FA-0001FF                6
                         0002C8-0002FF               38
                         0003C8-0003FF               38
                         0004C8-0004FF               38
                         0005C8-0005FF               38
        SFR              000F80-000FFF               80
        SMALLCONST       004000-007E47              100
        STACK            0002C8-0002FF               38

                                  Symbol Table

?___aodiv                                                                cstackCOMRAM 000001
?___aomod                                                                cstackCOMRAM 000001
?_abs                                                                    cstackCOMRAM 000013
?_dtoa                                                                   cstackCOMRAM 00001C
?_noRepeat                                                               cstackCOMRAM 000001
?_pad                                                                    cstackCOMRAM 000011
?_rutine_down                                                            cstackCOMRAM 000068
?_rutine_up                                                              cstackCOMRAM 000068
?_sprintf                                                                cstackCOMRAM 000058
?_strlen                                                                 cstackCOMRAM 000001
?_vfpfcnvrt                                                              cstackCOMRAM 000040
?_vfprintf                                                               cstackCOMRAM 000050
I2C_Master_Write@data                                                    cstackCOMRAM 000002
IO_Expander_Write@Data                                                   cstackCOMRAM 000003
LCD_CMD@CMD                                                              cstackCOMRAM 000005
LCD_Init@I2C_Add                                                         cstackCOMRAM 000008
LCD_Set_Cursor@COL                                                       cstackCOMRAM 000006
LCD_Set_Cursor@ROW                                                       cstackCOMRAM 000009
LCD_Write_4Bit@Nibble                                                    cstackCOMRAM 000004
LCD_Write_Char@Data                                                      cstackCOMRAM 000005
LCD_Write_String@Str                                                     cstackCOMRAM 000006
LCD_Write_String@i                                                       cstackCOMRAM 00000A
_ACKDT                                                                   (abs)        007E2D
_ACKEN                                                                   (abs)        007E2C
_ACKSTAT                                                                 (abs)        007E2E
_ADCON1                                                                  (abs)        000FC1
_BackLight_State                                                         dataBANK0    0000E4
_I2C_Master_Init                                                         text36       0005FC
_I2C_Master_Start                                                        text34       0005D0
_I2C_Master_Stop                                                         text33       0005DC
_I2C_Master_Wait                                                         text35       0006C0
_I2C_Master_Write                                                        text32       000674
_INTCONbits                                                              (abs)        000FF2
_IO_Expander_Write                                                       text31       000652
_LATCbits                                                                (abs)        000F8B
_LATDbits                                                                (abs)        000F8C
_LCD_CMD                                                                 text29       000616
_LCD_Clear                                                               text25       0005E8
_LCD_Init                                                                text28       000CBA
_LCD_Set_Cursor                                                          text24       0009E8
_LCD_Write_4Bit                                                          text30       00069A
_LCD_Write_Char                                                          text23       000634
_LCD_Write_String                                                        text22       000A64
_PEN                                                                     (abs)        007E2A
_PORTAbits                                                               (abs)        000F80
_PORTBbits                                                               (abs)        000F81
_PORTDbits                                                               (abs)        000F83
_RCEN                                                                    (abs)        007E2B
_RCONbits                                                                (abs)        000FD0
_RS                                                                      bssCOMRAM    00007F
_RSEN                                                                    (abs)        007E29
_SEN                                                                     (abs)        007E28
_SSPADD                                                                  (abs)        000FC8
_SSPBUF                                                                  (abs)        000FC9
_SSPCON1                                                                 (abs)        000FC6
_SSPCON2                                                                 (abs)        000FC5
_SSPIF                                                                   (abs)        007CF3
_SSPSTAT                                                                 (abs)        000FC7
_TRISA                                                                   (abs)        000F92
_TRISB                                                                   (abs)        000F93
_TRISC                                                                   (abs)        000F94
_TRISC3                                                                  (abs)        007CA3
_TRISC4                                                                  (abs)        007CA4
_TRISD                                                                   (abs)        000F95
__HRAM                                                                   (abs)        000000
__Habs1                                                                  abs1         000000
__Hbank0                                                                 bank0        000000
__Hbank1                                                                 bank1        000000
__Hbank2                                                                 bank2        000000
__Hbank3                                                                 bank3        000000
__Hbank4                                                                 bank4        000000
__Hbank5                                                                 bank5        000000
__Hbigbss                                                                bigbss       000000
__Hbigdata                                                               bigdata      000000
__Hbigram                                                                bigram       000000
__Hbss                                                                   bss          000000
__HbssBANK0                                                              bssBANK0     000000
__HbssBANK1                                                              bssBANK1     000000
__HbssBANK2                                                              bssBANK2     000000
__HbssBANK3                                                              bssBANK3     000000
__HbssBANK4                                                              bssBANK4     000000
__HbssBANK5                                                              bssBANK5     000000
__HbssCOMRAM                                                             bssCOMRAM    000000
__Hcinit                                                                 cinit        000000
__Hclrtext                                                               clrtext      000000
__Hcomram                                                                comram       000000
__Hconfig                                                                config       30000E
__Hconst                                                                 const        000000
__HcstackBANK0                                                           cstackBANK0  000000
__HcstackBANK1                                                           cstackBANK1  000000
__HcstackCOMRAM                                                          cstackCOMRAM 000000
__Hdata                                                                  data         000000
__HdataBANK0                                                             dataBANK0    000000
__Heeprom_data                                                           eeprom_data  000000
__Hfarbss                                                                farbss       000000
__Hfardata                                                               fardata      000000
__Hibigdata                                                              ibigdata     000000
__Hidata                                                                 idata        000000
__HidataBANK0                                                            idataBANK0   000000
__Hidloc                                                                 idloc        200008
__Hifardata                                                              ifardata     000000
__Hinit                                                                  init         000006
__Hintcode                                                               intcode      000002
__Hintcode_body                                                          intcode_body 000000
__Hintcodelo                                                             intcodelo    000002
__Hintentry                                                              intentry     000000
__Hintret                                                                intret       000000
__Hintsave_regs                                                          intsave_regs 000000
__Hirdata                                                                irdata       000000
__Hmediumconst                                                           mediumconst  008000
__HnvFARRAM                                                              nvFARRAM     000000
__Hnvbit                                                                 nvbit        000000
__Hnvrram                                                                nvrram       000000
__Hparam                                                                 rparam       000000
__Hpowerup                                                               powerup      000002
__Hram                                                                   ram          000000
__Hramtop                                                                ramtop       000600
__Hrbit                                                                  rbit         000000
__Hrbss                                                                  rbss         000000
__Hrdata                                                                 rdata        000000
__Hreset_vec                                                             reset_vec    000002
__Hrparam                                                                rparam       000000
__Hsfr                                                                   sfr          000000
__Hsmallconst                                                            smallconst   000000
__Hspace_0                                                               (abs)        008000
__Hspace_1                                                               (abs)        0005C8
__Hspace_2                                                               (abs)        000000
__Hspace_4                                                               (abs)        60000E
__Hstack                                                                 stack        000000
__Hstruct                                                                struct       000000
__Htemp                                                                  temp         000000
__Htext                                                                  text         000000
__Htext0                                                                 text0        000000
__Htext1                                                                 text1        000000
__Htext10                                                                text10       000000
__Htext11                                                                text11       000000
__Htext12                                                                text12       000000
__Htext13                                                                text13       000000
__Htext14                                                                text14       000000
__Htext15                                                                text15       000000
__Htext16                                                                text16       000000
__Htext17                                                                text17       000000
__Htext18                                                                text18       000000
__Htext19                                                                text19       000000
__Htext2                                                                 text2        000000
__Htext20                                                                text20       000000
__Htext21                                                                text21       000000
__Htext22                                                                text22       000000
__Htext23                                                                text23       000000
__Htext24                                                                text24       000000
__Htext25                                                                text25       000000
__Htext26                                                                text26       000000
__Htext27                                                                text27       000000
__Htext28                                                                text28       000000
__Htext29                                                                text29       000000
__Htext3                                                                 text3        000000
__Htext30                                                                text30       000000
__Htext31                                                                text31       000000
__Htext32                                                                text32       000000
__Htext33                                                                text33       000000
__Htext34                                                                text34       000000
__Htext35                                                                text35       000000
__Htext36                                                                text36       000000
__Htext4                                                                 text4        000000
__Htext5                                                                 text5        000000
__Htext6                                                                 text6        000000
__Htext7                                                                 text7        000000
__Htext8                                                                 text8        000000
__Htext9                                                                 text9        000000
__LRAM                                                                   (abs)        000001
__Labs1                                                                  abs1         000000
__Lbank0                                                                 bank0        000000
__Lbank1                                                                 bank1        000000
__Lbank2                                                                 bank2        000000
__Lbank3                                                                 bank3        000000
__Lbank4                                                                 bank4        000000
__Lbank5                                                                 bank5        000000
__Lbigbss                                                                bigbss       000000
__Lbigdata                                                               bigdata      000000
__Lbigram                                                                bigram       000000
__Lbss                                                                   bss          000000
__LbssBANK0                                                              bssBANK0     000000
__LbssBANK1                                                              bssBANK1     000000
__LbssBANK2                                                              bssBANK2     000000
__LbssBANK3                                                              bssBANK3     000000
__LbssBANK4                                                              bssBANK4     000000
__LbssBANK5                                                              bssBANK5     000000
__LbssCOMRAM                                                             bssCOMRAM    000000
__Lcinit                                                                 cinit        000000
__Lclrtext                                                               clrtext      000000
__Lcomram                                                                comram       000000
__Lconfig                                                                config       000000
__Lconst                                                                 const        000000
__LcstackBANK0                                                           cstackBANK0  000000
__LcstackBANK1                                                           cstackBANK1  000000
__LcstackCOMRAM                                                          cstackCOMRAM 000000
__Ldata                                                                  data         000000
__LdataBANK0                                                             dataBANK0    000000
__Leeprom_data                                                           eeprom_data  000000
__Lfarbss                                                                farbss       000000
__Lfardata                                                               fardata      000000
__Libigdata                                                              ibigdata     000000
__Lidata                                                                 idata        000000
__LidataBANK0                                                            idataBANK0   000000
__Lidloc                                                                 idloc        000000
__Lifardata                                                              ifardata     000000
__Linit                                                                  init         000002
__Lintcode                                                               intcode      000002
__Lintcode_body                                                          intcode_body 000000
__Lintcodelo                                                             intcodelo    000002
__Lintentry                                                              intentry     000000
__Lintret                                                                intret       000000
__Lintsave_regs                                                          intsave_regs 000000
__Lirdata                                                                irdata       000000
__Lmediumconst                                                           mediumconst  007E48
__LnvFARRAM                                                              nvFARRAM     000000
__Lnvbit                                                                 nvbit        000000
__Lnvrram                                                                nvrram       000000
__Lparam                                                                 rparam       000000
__Lpowerup                                                               powerup      000002
__Lram                                                                   ram          000000
__Lramtop                                                                ramtop       000600
__Lrbit                                                                  rbit         000000
__Lrbss                                                                  rbss         000000
__Lrdata                                                                 rdata        000000
__Lreset_vec                                                             reset_vec    000000
__Lrparam                                                                rparam       000000
__Lsfr                                                                   sfr          000000
__Lsmallconst                                                            smallconst   000000
__Lspace_0                                                               (abs)        000000
__Lspace_1                                                               (abs)        000000
__Lspace_2                                                               (abs)        000000
__Lspace_4                                                               (abs)        000000
__Lstack                                                                 stack        000000
__Lstruct                                                                struct       000000
__Ltemp                                                                  temp         000000
__Ltext                                                                  text         000000
__Ltext0                                                                 text0        000000
__Ltext1                                                                 text1        000000
__Ltext10                                                                text10       000000
__Ltext11                                                                text11       000000
__Ltext12                                                                text12       000000
__Ltext13                                                                text13       000000
__Ltext14                                                                text14       000000
__Ltext15                                                                text15       000000
__Ltext16                                                                text16       000000
__Ltext17                                                                text17       000000
__Ltext18                                                                text18       000000
__Ltext19                                                                text19       000000
__Ltext2                                                                 text2        000000
__Ltext20                                                                text20       000000
__Ltext21                                                                text21       000000
__Ltext22                                                                text22       000000
__Ltext23                                                                text23       000000
__Ltext24                                                                text24       000000
__Ltext25                                                                text25       000000
__Ltext26                                                                text26       000000
__Ltext27                                                                text27       000000
__Ltext28                                                                text28       000000
__Ltext29                                                                text29       000000
__Ltext3                                                                 text3        000000
__Ltext30                                                                text30       000000
__Ltext31                                                                text31       000000
__Ltext32                                                                text32       000000
__Ltext33                                                                text33       000000
__Ltext34                                                                text34       000000
__Ltext35                                                                text35       000000
__Ltext36                                                                text36       000000
__Ltext4                                                                 text4        000000
__Ltext5                                                                 text5        000000
__Ltext6                                                                 text6        000000
__Ltext7                                                                 text7        000000
__Ltext8                                                                 text8        000000
__Ltext9                                                                 text9        000000
__S0                                                                     (abs)        008000
__S1                                                                     (abs)        0005C8
__S2                                                                     (abs)        000000
__S4                                                                     (abs)        000000
__S5                                                                     (abs)        000000
___aodiv                                                                 text17       00109E
___aodiv@counter                                                         cstackCOMRAM 000011
___aodiv@dividend                                                        cstackCOMRAM 000001
___aodiv@divisor                                                         cstackCOMRAM 000009
___aodiv@quotient                                                        cstackCOMRAM 000013
___aodiv@sign                                                            cstackCOMRAM 000012
___aomod                                                                 text16       000F0E
___aomod@counter                                                         cstackCOMRAM 000011
___aomod@dividend                                                        cstackCOMRAM 000001
___aomod@divisor                                                         cstackCOMRAM 000009
___aomod@sign                                                            cstackCOMRAM 000012
___inthi_sp                                                              stack        000000
___intlo_sp                                                              stack        000000
___param_bank                                                            (abs)        000000
___rparam_used                                                           (abs)        000001
___sp                                                                    stack        000000
__accesstop                                                              (abs)        000080
__activetblptr                                                           (abs)        000002
__cntErrataNOP_/tmp/xcXEmJEOo.o                                          (abs)        000001
__cntErrataNOP_dist/default/production/AscensorProgramGit.X.production.o (abs)        0002A5
__end_of_I2C_Master_Init                                                 text36       000616
__end_of_I2C_Master_Start                                                text34       0005DC
__end_of_I2C_Master_Stop                                                 text33       0005E8
__end_of_I2C_Master_Wait                                                 text35       0006F4
__end_of_I2C_Master_Write                                                text32       00069A
__end_of_IO_Expander_Write                                               text31       000674
__end_of_LCD_CMD                                                         text29       000634
__end_of_LCD_Clear                                                       text25       0005FC
__end_of_LCD_Init                                                        text28       000DB4
__end_of_LCD_Set_Cursor                                                  text24       000A64
__end_of_LCD_Write_4Bit                                                  text30       0006C0
__end_of_LCD_Write_Char                                                  text23       000652
__end_of_LCD_Write_String                                                text22       000AF2
__end_of___aodiv                                                         text17       001252
__end_of___aomod                                                         text16       00109E
__end_of__initialization                                                 cinit        0009DE
__end_of_abs                                                             text15       000782
__end_of_boot                                                            text27       000974
__end_of_bootAscensor                                                    text26       000890
__end_of_controlCalls                                                    text5        004000
__end_of_dataPanelUp                                                     text18       0029B4
__end_of_dtoa                                                            text9        002264
__end_of_fputc                                                           text13       000BD4
__end_of_fputs                                                           text12       0007D2
__end_of_main                                                            text0        0025B4
__end_of_modeControl                                                     text1        0032FA
__end_of_noRepeat                                                        text21       000F0E
__end_of_pad                                                             text10       000CBA
__end_of_putch                                                           text14       0005D0
__end_of_rutine_down                                                     text4        001F2E
__end_of_rutine_up                                                       text3        001808
__end_of_selectionMode                                                   text2        001416
__end_of_sort                                                            text20       001A3A
__end_of_sort_down                                                       text19       001C6C
__end_of_sprintf                                                         text6        000824
__end_of_strlen                                                          text11       000736
__end_of_vfpfcnvrt                                                       text8        0015F2
__end_of_vfprintf                                                        text7        000900
__initialization                                                         cinit        000974
__mediumconst                                                            mediumconst  007E48
__pbssBANK0                                                              bssBANK0     000080
__pbssBANK1                                                              bssBANK1     0001D6
__pbssBANK2                                                              bssBANK2     000200
__pbssBANK3                                                              bssBANK3     000300
__pbssBANK4                                                              bssBANK4     000400
__pbssBANK5                                                              bssBANK5     000500
__pbssCOMRAM                                                             bssCOMRAM    00007B
__pcinit                                                                 cinit        000974
__pcstackBANK0                                                           cstackBANK0  0000BF
__pcstackBANK1                                                           cstackBANK1  000100
__pcstackCOMRAM                                                          cstackCOMRAM 000001
__pdataBANK0                                                             dataBANK0    0000E3
__pidataBANK0                                                            idataBANK0   0005C8
__pmediumconst                                                           mediumconst  007E48
__ptext0                                                                 text0        002264
__ptext1                                                                 text1        0029B4
__ptext10                                                                text10       000BD4
__ptext11                                                                text11       0006F4
__ptext12                                                                text12       000782
__ptext13                                                                text13       000AF2
__ptext14                                                                text14       0005CA
__ptext15                                                                text15       000736
__ptext16                                                                text16       000F0E
__ptext17                                                                text17       00109E
__ptext18                                                                text18       0025B4
__ptext19                                                                text19       001A3A
__ptext2                                                                 text2        001252
__ptext20                                                                text20       001808
__ptext21                                                                text21       000DB4
__ptext22                                                                text22       000A64
__ptext23                                                                text23       000634
__ptext24                                                                text24       0009E8
__ptext25                                                                text25       0005E8
__ptext26                                                                text26       000824
__ptext27                                                                text27       000900
__ptext28                                                                text28       000CBA
__ptext29                                                                text29       000616
__ptext3                                                                 text3        0015F2
__ptext30                                                                text30       00069A
__ptext31                                                                text31       000652
__ptext32                                                                text32       000674
__ptext33                                                                text33       0005DC
__ptext34                                                                text34       0005D0
__ptext35                                                                text35       0006C0
__ptext36                                                                text36       0005FC
__ptext4                                                                 text4        001C6C
__ptext5                                                                 text5        0032FA
__ptext6                                                                 text6        0007D2
__ptext7                                                                 text7        000890
__ptext8                                                                 text8        001416
__ptext9                                                                 text9        001F2E
__ramtop                                                                 ramtop       000600
__size_of_I2C_Master_Init                                                (abs)        000000
__size_of_I2C_Master_Start                                               (abs)        000000
__size_of_I2C_Master_Stop                                                (abs)        000000
__size_of_I2C_Master_Wait                                                (abs)        000000
__size_of_I2C_Master_Write                                               (abs)        000000
__size_of_IO_Expander_Write                                              (abs)        000000
__size_of_LCD_CMD                                                        (abs)        000000
__size_of_LCD_Clear                                                      (abs)        000000
__size_of_LCD_Init                                                       (abs)        000000
__size_of_LCD_Set_Cursor                                                 (abs)        000000
__size_of_LCD_Write_4Bit                                                 (abs)        000000
__size_of_LCD_Write_Char                                                 (abs)        000000
__size_of_LCD_Write_String                                               (abs)        000000
__size_of___aodiv                                                        (abs)        000000
__size_of___aomod                                                        (abs)        000000
__size_of_abs                                                            (abs)        000000
__size_of_boot                                                           (abs)        000000
__size_of_bootAscensor                                                   (abs)        000000
__size_of_controlCalls                                                   (abs)        000000
__size_of_dataPanelUp                                                    (abs)        000000
__size_of_dtoa                                                           (abs)        000000
__size_of_fputc                                                          (abs)        000000
__size_of_fputs                                                          (abs)        000000
__size_of_main                                                           (abs)        000000
__size_of_modeControl                                                    (abs)        000000
__size_of_noRepeat                                                       (abs)        000000
__size_of_pad                                                            (abs)        000000
__size_of_putch                                                          (abs)        000000
__size_of_rutine_down                                                    (abs)        000000
__size_of_rutine_up                                                      (abs)        000000
__size_of_selectionMode                                                  (abs)        000000
__size_of_sort                                                           (abs)        000000
__size_of_sort_down                                                      (abs)        000000
__size_of_sprintf                                                        (abs)        000000
__size_of_strlen                                                         (abs)        000000
__size_of_vfpfcnvrt                                                      (abs)        000000
__size_of_vfprintf                                                       (abs)        000000
__smallconst                                                             smallconst   000000
_abs                                                                     text15       000736
_boot                                                                    text27       000900
_bootAscensor                                                            text26       000824
_buffer                                                                  bssBANK0     000097
_call_init                                                               bssBANK0     000090
_callsD                                                                  bssBANK0     000092
_callsInDown                                                             bssBANK5     000500
_callsInUp                                                               bssBANK4     000400
_callsU                                                                  bssBANK0     000094
_controlCalls                                                            text5        0032FA
_dataPanelUp                                                             text18       0025B4
_dbuf                                                                    bssBANK1     0001DA
_dtoa                                                                    text9        001F2E
_dtoa$1216                                                               cstackCOMRAM 00002E
_flags                                                                   bssBANK0     000086
_fputc                                                                   text13       000AF2
_fputs                                                                   text12       000782
_from_down_change                                                        bssBANK0     000088
_from_up_change                                                          bssBANK0     00008A
_i2c_add                                                                 bssBANK0     000096
_main                                                                    text0        002264
_modeControl                                                             text1        0029B4
_modeDown_F                                                              bssBANK0     00008C
_modeUp_F                                                                bssBANK1     0001D6
_noRepeat                                                                text21       000DB4
_nout                                                                    bssBANK0     000080
_nowFL                                                                   bssBANK1     0001D8
_pLCD                                                                    dataBANK0    0000E3
_pad                                                                     text10       000BD4
_prec                                                                    bssBANK0     000084
_prevFL                                                                  bssBANK0     00008E
_putch                                                                   text14       0005CA
_queueDown                                                               bssBANK3     000300
_queueUp                                                                 bssBANK2     000200
_rutine_down                                                             text4        001C6C
_rutine_up                                                               text3        0015F2
_selectionMode                                                           text2        001252
_sort                                                                    text20       001808
_sort_down                                                               text19       001A3A
_sprintf                                                                 text6        0007D2
_strlen                                                                  text11       0006F4
_tasksDown                                                               bssCOMRAM    00007D
_tasksUp                                                                 bssCOMRAM    00007B
_vfpfcnvrt                                                               text8        001416
_vfprintf                                                                text7        000890
_width                                                                   bssBANK0     000082
abs@a                                                                    cstackCOMRAM 000013
controlCalls@i1                                                          cstackBANK0  0000CF
controlCalls@i1_616                                                      cstackBANK0  0000D1
controlCalls@i1_620                                                      cstackBANK0  0000D3
controlCalls@i1_625                                                      cstackBANK0  0000D5
controlCalls@i1_630                                                      cstackBANK0  0000D7
controlCalls@i1_635                                                      cstackBANK0  0000D9
controlCalls@i1_640                                                      cstackBANK0  0000DB
controlCalls@i1_644                                                      cstackBANK0  0000DD
controlCalls@i_1                                                         cstackBANK0  0000BF
controlCalls@i_2                                                         cstackBANK0  0000C1
controlCalls@i_3                                                         cstackBANK0  0000C3
controlCalls@i_4                                                         cstackBANK0  0000C5
controlCalls@i_5                                                         cstackBANK0  0000C7
controlCalls@i_6                                                         cstackBANK0  0000C9
controlCalls@i_7                                                         cstackBANK0  0000CB
controlCalls@i_8                                                         cstackBANK0  0000CD
dtoa@d                                                                   cstackCOMRAM 00001E
dtoa@fp                                                                  cstackCOMRAM 00001C
dtoa@i                                                                   cstackCOMRAM 00003E
dtoa@n                                                                   cstackCOMRAM 000036
dtoa@p                                                                   cstackCOMRAM 000030
dtoa@s                                                                   cstackCOMRAM 000034
dtoa@w                                                                   cstackCOMRAM 000032
end_of_initialization                                                    cinit        0009DE
fputc@c                                                                  cstackCOMRAM 000001
fputc@fp                                                                 cstackCOMRAM 000003
fputs@c                                                                  cstackCOMRAM 00000E
fputs@fp                                                                 cstackCOMRAM 00000C
fputs@i                                                                  cstackCOMRAM 00000F
fputs@s                                                                  cstackCOMRAM 00000A
intlevel0                                                                text         0005C6
intlevel1                                                                text         0005C6
intlevel2                                                                text         0005C6
intlevel3                                                                text         0005C6
isa$std                                                                  (abs)        000001
isa$xinst                                                                (abs)        000000
modeControl@select_mode                                                  cstackBANK0  0000E1
noRepeat@comp                                                            cstackCOMRAM 000011
noRepeat@po                                                              cstackCOMRAM 000001
noRepeat@shift                                                           cstackCOMRAM 00000B
noRepeat@sixes                                                           cstackCOMRAM 000003
noRepeat@size                                                            cstackCOMRAM 00000F
noRepeat@t                                                               cstackCOMRAM 000009
noRepeat@temp                                                            cstackCOMRAM 00000D
pad@buf                                                                  cstackCOMRAM 000013
pad@fp                                                                   cstackCOMRAM 000011
pad@i                                                                    cstackCOMRAM 000018
pad@p                                                                    cstackCOMRAM 000015
pad@w                                                                    cstackCOMRAM 00001A
rutine_down@i                                                            cstackCOMRAM 00006E
rutine_down@i_654                                                        cstackCOMRAM 00006C
rutine_down@re                                                           cstackCOMRAM 000070
rutine_up@i                                                              cstackCOMRAM 00006C
rutine_up@re                                                             cstackCOMRAM 00006E
selectionMode@i                                                          cstackCOMRAM 000073
selectionMode@i_670                                                      cstackCOMRAM 000075
selectionMode@mode_s                                                     cstackBANK0  0000DF
sort@h                                                                   cstackBANK1  0001D4
sort@j                                                                   cstackBANK1  0001D0
sort@k                                                                   cstackBANK1  0001CE
sort@nums                                                                cstackBANK1  0001CA
sort@p                                                                   cstackCOMRAM 000001
sort@pos                                                                 cstackBANK1  0001C8
sort@result                                                              cstackBANK1  000100
sort@sizes                                                               cstackCOMRAM 000003
sort@sizesMod                                                            cstackBANK1  0001CC
sort@temp                                                                cstackBANK1  0001D2
sort_down@h                                                              cstackBANK1  0001D4
sort_down@j                                                              cstackBANK1  0001D0
sort_down@k                                                              cstackBANK1  0001CE
sort_down@nums                                                           cstackBANK1  0001CA
sort_down@p                                                              cstackCOMRAM 000001
sort_down@pos                                                            cstackBANK1  0001C8
sort_down@result                                                         cstackBANK1  000100
sort_down@sizes                                                          cstackCOMRAM 000003
sort_down@sizesMod                                                       cstackBANK1  0001CC
sort_down@temp                                                           cstackBANK1  0001D2
sprintf@ap                                                               cstackCOMRAM 00005E
sprintf@f                                                                cstackCOMRAM 000060
sprintf@fmt                                                              cstackCOMRAM 00005A
sprintf@s                                                                cstackCOMRAM 000058
stackhi                                                                  (abs)        0002FF
stacklo                                                                  (abs)        0002C8
start                                                                    init         000002
start_initialization                                                     cinit        000974
strlen@a                                                                 cstackCOMRAM 000003
strlen@s                                                                 cstackCOMRAM 000001
vfpfcnvrt@ap                                                             cstackCOMRAM 000044
vfpfcnvrt@fmt                                                            cstackCOMRAM 000042
vfpfcnvrt@fp                                                             cstackCOMRAM 000040
vfpfcnvrt@ll                                                             cstackCOMRAM 000048
vfprintf@ap                                                              cstackCOMRAM 000054
vfprintf@cfmt                                                            cstackCOMRAM 000056
vfprintf@fmt                                                             cstackCOMRAM 000052
vfprintf@fp                                                              cstackCOMRAM 000050


MODULE INFORMATION

Module		Function		Class		Link	Load	Size
/opt/microchip/xc8/v2.32/pic/sources/c99/common/nf_fputs.c
		_fputs         		CODE           	0782	0000	80

/opt/microchip/xc8/v2.32/pic/sources/c99/common/nf_fputs.c estimated size: 80

/opt/microchip/xc8/v2.32/pic/sources/c99/common/aodiv.c
		___aodiv       		CODE           	109E	0000	436

/opt/microchip/xc8/v2.32/pic/sources/c99/common/aodiv.c estimated size: 436

/opt/microchip/xc8/v2.32/pic/sources/c99/common/abs.c
		_abs           		CODE           	0736	0000	76

/opt/microchip/xc8/v2.32/pic/sources/c99/common/abs.c estimated size: 76

/opt/microchip/xc8/v2.32/pic/sources/c99/common/strlen.c
		_strlen        		CODE           	06F4	0000	66

/opt/microchip/xc8/v2.32/pic/sources/c99/common/strlen.c estimated size: 66

/opt/microchip/xc8/v2.32/pic/sources/c99/common/nf_fputc.c
		_fputc         		CODE           	0AF2	0000	226

/opt/microchip/xc8/v2.32/pic/sources/c99/common/nf_fputc.c estimated size: 226

/opt/microchip/xc8/v2.32/pic/sources/c99/common/putch.c
		_putch         		CODE           	05CA	0000	6

/opt/microchip/xc8/v2.32/pic/sources/c99/common/putch.c estimated size: 6

shared
		__initialization		CODE           	0974	0000	106

shared estimated size: 106

/opt/microchip/xc8/v2.32/pic/sources/c99/common/doprnt.c
		_vfpfcnvrt     		CODE           	1416	0000	476
		_pad           		CODE           	0BD4	0000	230
		_dtoa          		CODE           	1F2E	0000	822
		_vfprintf      		CODE           	0890	0000	112

/opt/microchip/xc8/v2.32/pic/sources/c99/common/doprnt.c estimated size: 1640

./I2C_LCD.c
		_LCD_Init      		CODE           	0CBA	0000	250
		_LCD_Write_4Bit		CODE           	069A	0000	38
		_LCD_Write_Char		CODE           	0634	0000	30
		_LCD_CMD       		CODE           	0616	0000	30
		_I2C_Master_Wait		CODE           	06C0	0000	52
		_I2C_Master_Init		CODE           	05FC	0000	26
		_I2C_Master_Stop		CODE           	05DC	0000	12
		_LCD_Set_Cursor		CODE           	09E8	0000	124
		_LCD_Clear     		CODE           	05E8	0000	20
		_IO_Expander_Write		CODE           	0652	0000	34
		_I2C_Master_Write		CODE           	0674	0000	38
		_I2C_Master_Start		CODE           	05D0	0000	12
		_LCD_Write_String		CODE           	0A64	0000	142

./I2C_LCD.c estimated size: 808

/opt/microchip/xc8/v2.32/pic/sources/c99/common/nf_sprintf.c
		_sprintf       		CODE           	07D2	0000	82

/opt/microchip/xc8/v2.32/pic/sources/c99/common/nf_sprintf.c estimated size: 82

/opt/microchip/xc8/v2.32/pic/sources/c99/common/aomod.c
		___aomod       		CODE           	0F0E	0000	400

/opt/microchip/xc8/v2.32/pic/sources/c99/common/aomod.c estimated size: 400

main.c
		_modeControl   		CODE           	29B4	0000	2374
		_selectionMode 		CODE           	1252	0000	452
		_bootAscensor  		CODE           	0824	0000	108
		_boot          		CODE           	0900	0000	116
		_main          		CODE           	2264	0000	848
		_controlCalls  		CODE           	32FA	0000	3334
		_dataPanelUp   		CODE           	25B4	0000	1024
		_sort          		CODE           	1808	0000	562
		_noRepeat      		CODE           	0DB4	0000	346
		_sort_down     		CODE           	1A3A	0000	562
		_rutine_up     		CODE           	15F2	0000	534
		_rutine_down   		CODE           	1C6C	0000	706

main.c estimated size: 10966

